// Jest Snapshot v1, https://goo.gl/fbAQLP

exports[`normalize normalize 1`] = `
Object {
  "Agent": Object {},
  "Annotation": Object {
    "https://example.org/iiif/book1/annotation/p0001-image": Object {
      "body": Array [
        Object {
          "id": "http://iiif.io/api/presentation/2.1/example/fixtures/resources/page1-full.png",
          "type": "ContentResource",
        },
      ],
      "id": "https://example.org/iiif/book1/annotation/p0001-image",
      "motivation": Array [
        "painting",
      ],
      "target": "https://example.org/iiif/book1/canvas/p1",
      "type": "Annotation",
    },
  },
  "AnnotationCollection": Object {},
  "AnnotationPage": Object {
    "https://example.org/iiif/book1/page/p1/1": Object {
      "behavior": Array [],
      "homepage": Array [],
      "id": "https://example.org/iiif/book1/page/p1/1",
      "items": Array [
        Object {
          "id": "https://example.org/iiif/book1/annotation/p0001-image",
          "type": "Annotation",
        },
      ],
      "label": null,
      "logo": Array [],
      "metadata": Array [],
      "motivation": null,
      "provider": Array [],
      "rendering": Array [],
      "requiredStatement": null,
      "rights": null,
      "seeAlso": Array [],
      "service": Array [],
      "summary": null,
      "thumbnail": Array [],
      "type": "AnnotationPage",
    },
  },
  "Canvas": Object {
    "https://example.org/iiif/book1/canvas/p1": Object {
      "accompanyingCanvas": null,
      "annotations": Array [],
      "behavior": Array [],
      "duration": 0,
      "height": 1800,
      "homepage": Array [],
      "id": "https://example.org/iiif/book1/canvas/p1",
      "items": Array [
        Object {
          "id": "https://example.org/iiif/book1/page/p1/1",
          "type": "AnnotationPage",
        },
      ],
      "label": null,
      "logo": Array [],
      "metadata": Array [],
      "motivation": null,
      "navDate": null,
      "partOf": Array [],
      "placeholderCanvas": null,
      "posterCanvas": null,
      "provider": Array [],
      "rendering": Array [],
      "requiredStatement": null,
      "rights": null,
      "seeAlso": Array [],
      "service": Array [],
      "summary": null,
      "thumbnail": Array [],
      "type": "Canvas",
      "width": 1200,
    },
  },
  "Collection": Object {},
  "ContentResource": Object {
    "http://iiif.io/api/presentation/2.1/example/fixtures/resources/page1-full.png": Object {
      "format": "image/png",
      "height": 1800,
      "id": "http://iiif.io/api/presentation/2.1/example/fixtures/resources/page1-full.png",
      "type": "Image",
      "width": 1200,
    },
    "http://myhomepage.com": Object {
      "id": "http://myhomepage.com",
      "type": "ContentResource",
    },
  },
  "Manifest": Object {
    "https://example.org/iiif/book1/manifest": Object {
      "@context": Array [
        "http://www.w3.org/ns/anno.jsonld",
        "http://iiif.io/api/presentation/{{ page.major }}/context.json",
      ],
      "accompanyingCanvas": null,
      "annotations": Array [],
      "behavior": Array [],
      "homepage": Array [
        Object {
          "id": "http://myhomepage.com",
          "type": "ContentResource",
        },
      ],
      "id": "https://example.org/iiif/book1/manifest",
      "items": Array [
        Object {
          "id": "https://example.org/iiif/book1/canvas/p1",
          "type": "Canvas",
        },
      ],
      "label": Object {
        "en": Array [
          "Image 1",
        ],
      },
      "logo": Array [],
      "metadata": Array [],
      "motivation": null,
      "navDate": null,
      "partOf": Array [],
      "placeholderCanvas": null,
      "posterCanvas": null,
      "provider": Array [],
      "rendering": Array [],
      "requiredStatement": null,
      "rights": null,
      "seeAlso": Array [],
      "service": Array [],
      "services": Array [],
      "start": null,
      "structures": Array [],
      "summary": null,
      "thumbnail": Array [],
      "type": "Manifest",
      "viewingDirection": "left-to-right",
    },
  },
  "Range": Object {},
  "Selector": Object {},
  "Service": Object {},
}
`;

exports[`normalize normalize full example from specification 1`] = `
Object {
  "Agent": Object {
    "https://example.org/about": Object {
      "homepage": Array [
        Object {
          "id": "https://example.org/",
          "type": "ContentResource",
        },
      ],
      "id": "https://example.org/about",
      "label": Object {
        "en": Array [
          "Example Organization",
        ],
      },
      "logo": Array [
        Object {
          "id": "https://example.org/service/inst1/full/max/0/default.png",
          "type": "ContentResource",
        },
      ],
      "seeAlso": Array [
        Object {
          "id": "https://data.example.org/about/us.jsonld",
          "type": "ContentResource",
        },
      ],
      "type": "Agent",
    },
  },
  "Annotation": Object {},
  "AnnotationCollection": Object {},
  "AnnotationPage": Object {
    "https://example.org/iiif/book1/annotations/p1": Object {
      "behavior": Array [],
      "homepage": Array [],
      "id": "https://example.org/iiif/book1/annotations/p1",
      "items": Array [],
      "label": null,
      "logo": Array [],
      "metadata": Array [],
      "motivation": null,
      "provider": Array [],
      "rendering": Array [],
      "requiredStatement": null,
      "rights": null,
      "seeAlso": Array [],
      "service": Array [],
      "summary": null,
      "thumbnail": Array [],
      "type": "AnnotationPage",
    },
  },
  "Canvas": Object {
    "https://example.org/iiif/book1/canvas/p1": Object {
      "accompanyingCanvas": null,
      "annotations": Array [],
      "behavior": Array [],
      "duration": 0,
      "height": 0,
      "homepage": Array [],
      "id": "https://example.org/iiif/book1/canvas/p1",
      "items": Array [],
      "label": Object {
        "none": Array [
          "p. 1",
        ],
      },
      "logo": Array [],
      "metadata": Array [],
      "motivation": null,
      "navDate": null,
      "partOf": Array [],
      "placeholderCanvas": null,
      "posterCanvas": null,
      "provider": Array [],
      "rendering": Array [],
      "requiredStatement": null,
      "rights": null,
      "seeAlso": Array [],
      "service": Array [],
      "summary": null,
      "thumbnail": Array [],
      "type": "Canvas",
      "width": 0,
    },
    "https://example.org/iiif/book1/canvas/p2": Object {
      "accompanyingCanvas": null,
      "annotations": Array [],
      "behavior": Array [],
      "duration": 0,
      "height": 0,
      "homepage": Array [],
      "id": "https://example.org/iiif/book1/canvas/p2",
      "items": Array [],
      "label": null,
      "logo": Array [],
      "metadata": Array [],
      "motivation": null,
      "navDate": null,
      "partOf": Array [],
      "placeholderCanvas": null,
      "posterCanvas": null,
      "provider": Array [],
      "rendering": Array [],
      "requiredStatement": null,
      "rights": null,
      "seeAlso": Array [],
      "service": Array [],
      "summary": null,
      "thumbnail": Array [],
      "type": "Canvas",
      "width": 0,
    },
  },
  "Collection": Object {},
  "ContentResource": Object {
    "https://data.example.org/about/us.jsonld": Object {
      "format": "application/ld+json",
      "id": "https://data.example.org/about/us.jsonld",
      "profile": "https://schema.org/",
      "type": "Dataset",
    },
    "https://example.org/": Object {
      "format": "text/html",
      "id": "https://example.org/",
      "label": Object {
        "en": Array [
          "Example Organization Homepage",
        ],
      },
      "type": "Text",
    },
    "https://example.org/collections/books/": Object {
      "id": "https://example.org/collections/books/",
      "type": "Collection",
    },
    "https://example.org/iiif/book1.pdf": Object {
      "format": "application/pdf",
      "id": "https://example.org/iiif/book1.pdf",
      "label": Object {
        "en": Array [
          "Download as PDF",
        ],
      },
      "type": "Text",
    },
    "https://example.org/iiif/book1/page1/full/80,100/0/default.jpg": Object {
      "format": "image/jpeg",
      "id": "https://example.org/iiif/book1/page1/full/80,100/0/default.jpg",
      "service": Array [
        Object {
          "id": "https://example.org/iiif/book1/page1",
          "profile": "level1",
          "type": "ImageService3",
        },
      ],
      "type": "Image",
    },
    "https://example.org/info/book1/": Object {
      "format": "text/html",
      "id": "https://example.org/info/book1/",
      "label": Object {
        "en": Array [
          "Home page for Book 1",
        ],
      },
      "type": "Text",
    },
    "https://example.org/library/catalog/book1.xml": Object {
      "format": "text/xml",
      "id": "https://example.org/library/catalog/book1.xml",
      "profile": "https://example.org/profiles/bibliographic",
      "type": "Dataset",
    },
    "https://example.org/service/inst1/full/max/0/default.png": Object {
      "format": "image/png",
      "id": "https://example.org/service/inst1/full/max/0/default.png",
      "service": Array [
        Object {
          "id": "https://example.org/service/inst1",
          "profile": "level2",
          "type": "ImageService3",
        },
      ],
      "type": "Image",
    },
  },
  "Manifest": Object {
    "https://example.org/iiif/book1/manifest": Object {
      "@context": "http://iiif.io/api/presentation/3/context.json",
      "accompanyingCanvas": null,
      "annotations": Array [
        Object {
          "id": "https://example.org/iiif/book1/annotations/p1",
          "type": "AnnotationPage",
        },
      ],
      "behavior": Array [
        "paged",
      ],
      "homepage": Array [
        Object {
          "id": "https://example.org/info/book1/",
          "type": "ContentResource",
        },
      ],
      "id": "https://example.org/iiif/book1/manifest",
      "items": Array [
        Object {
          "id": "https://example.org/iiif/book1/canvas/p1",
          "type": "Canvas",
        },
      ],
      "label": Object {
        "en": Array [
          "Book 1",
        ],
      },
      "logo": Array [],
      "metadata": Array [
        Object {
          "label": Object {
            "en": Array [
              "Author",
            ],
          },
          "value": Object {
            "none": Array [
              "Anne Author",
            ],
          },
        },
        Object {
          "label": Object {
            "en": Array [
              "Published",
            ],
          },
          "value": Object {
            "en": Array [
              "Paris, circa 1400",
            ],
            "fr": Array [
              "Paris, environ 1400",
            ],
          },
        },
        Object {
          "label": Object {
            "en": Array [
              "Notes",
            ],
          },
          "value": Object {
            "en": Array [
              "Text of note 1",
              "Text of note 2",
            ],
          },
        },
        Object {
          "label": Object {
            "en": Array [
              "Source",
            ],
          },
          "value": Object {
            "none": Array [
              "<span>From: <a href=\\"https://example.org/db/1.html\\">Some Collection</a></span>",
            ],
          },
        },
      ],
      "motivation": null,
      "navDate": "1856-01-01T00:00:00Z",
      "partOf": Array [
        Object {
          "id": "https://example.org/collections/books/",
          "type": "ContentResource",
        },
      ],
      "placeholderCanvas": null,
      "posterCanvas": null,
      "provider": Array [
        Object {
          "id": "https://example.org/about",
          "type": "Agent",
        },
      ],
      "rendering": Array [
        Object {
          "id": "https://example.org/iiif/book1.pdf",
          "type": "ContentResource",
        },
      ],
      "requiredStatement": Object {
        "label": Object {
          "en": Array [
            "Attribution",
          ],
        },
        "value": Object {
          "en": Array [
            "Provided by Example Organization",
          ],
        },
      },
      "rights": "http://creativecommons.org/licenses/by/4.0/",
      "seeAlso": Array [
        Object {
          "id": "https://example.org/library/catalog/book1.xml",
          "type": "ContentResource",
        },
      ],
      "service": Array [
        Object {
          "id": "https://example.org/service/example",
          "profile": "https://example.org/docs/example-service.html",
          "type": "ExampleExtensionService",
        },
      ],
      "services": Array [
        Object {
          "@id": "https://example.org/iiif/auth/login",
          "@type": "AuthCookieService1",
          "label": "Login to Example Institution",
          "profile": "http://iiif.io/api/auth/1/login",
          "service": Array [
            Object {
              "@id": "https://example.org/iiif/auth/token",
              "@type": "AuthTokenService1",
              "profile": "http://iiif.io/api/auth/1/token",
            },
          ],
        },
      ],
      "start": Object {
        "selector": undefined,
        "source": Object {
          "id": "https://example.org/iiif/book1/canvas/p2",
          "type": "Canvas",
        },
        "type": "SpecificResource",
      },
      "structures": Array [
        Object {
          "id": "https://example.org/iiif/book1/range/top",
          "type": "Range",
        },
      ],
      "summary": Object {
        "en": Array [
          "Book 1, written by Anne Author, published in Paris around 1400.",
        ],
      },
      "thumbnail": Array [
        Object {
          "id": "https://example.org/iiif/book1/page1/full/80,100/0/default.jpg",
          "type": "ContentResource",
        },
      ],
      "type": "Manifest",
      "viewingDirection": "right-to-left",
    },
  },
  "Range": Object {
    "https://example.org/iiif/book1/range/top": Object {
      "accompanyingCanvas": null,
      "annotations": Array [],
      "behavior": Array [],
      "homepage": Array [],
      "id": "https://example.org/iiif/book1/range/top",
      "items": Array [],
      "label": null,
      "logo": Array [],
      "metadata": Array [],
      "motivation": null,
      "navDate": null,
      "partOf": Array [],
      "placeholderCanvas": null,
      "posterCanvas": null,
      "provider": Array [],
      "rendering": Array [],
      "requiredStatement": null,
      "rights": null,
      "seeAlso": Array [],
      "service": Array [],
      "start": null,
      "summary": null,
      "supplementary": null,
      "thumbnail": Array [],
      "type": "Range",
      "viewingDirection": "left-to-right",
    },
  },
  "Selector": Object {},
  "Service": Object {},
}
`;
